2026-08-17 23:46:46 [main] INFO  Log -Setting up WebDriver...
2026-08-17 23:46:48 [main] INFO  Log -Navigating to Test Url
2026-08-17 23:46:51 [main] INFO  Log -Starting login test
2026-08-17 23:46:52 [main] INFO  Log -Clicking on login button
2026-08-17 23:46:52 [main] INFO  Log -Verifying page title
2026-08-17 23:46:53 [main] INFO  Log -Login test completed
2026-08-17 23:46:53 [main] INFO  Log -Closing WebDriver...
2026-08-17 23:50:27 [main] INFO  Log -Setting up WebDriver...
2026-08-17 23:50:32 [main] INFO  Log -Navigating to Test Url
2026-08-17 23:50:35 [main] INFO  Log -Starting login test
2026-08-17 23:50:36 [main] INFO  Log -Clicking on login button
2026-08-17 23:50:36 [main] INFO  Log -Verifying page title
2026-08-17 23:50:37 [main] INFO  Log -Login test completed
2026-08-17 23:50:37 [main] INFO  Log -Closing WebDriver...
2026-08-18 22:55:40 [main] INFO  Log -Setting up WebDriver...
2026-08-18 22:55:53 [main] INFO  Log -Navigating to Test Url
2026-08-18 22:55:57 [main] INFO  Log -Starting login test
2026-08-18 22:55:58 [main] INFO  Log -Clicking on login button
2026-08-18 22:55:59 [main] INFO  Log -Verifying page title
2026-08-18 22:55:59 [main] INFO  Log -Login test completed
2026-08-18 22:55:59 [main] INFO  Log -Closing WebDriver...
2026-08-18 22:55:59 [main] INFO  Log -Setting up WebDriver...
2026-08-18 22:56:07 [main] INFO  Log -Navigating to Test Url
2026-08-18 22:56:10 [main] INFO  Log -Starting login test
2026-08-18 22:56:11 [main] INFO  Log -Clicking on login button
2026-08-18 22:56:11 [main] INFO  Log -Verifying page title
2026-08-18 22:56:12 [main] INFO  Log -Login test completed
2026-08-18 22:56:12 [main] INFO  Log -Closing WebDriver...
2026-08-18 22:56:13 [main] INFO  Log -Setting up WebDriver...
2026-08-18 22:56:15 [main] INFO  Log -Navigating to Test Url
2026-08-18 22:56:17 [main] INFO  Log -Starting login test
2026-08-18 22:56:18 [main] INFO  Log -Clicking on login button
2026-08-18 22:56:18 [main] INFO  Log -Verifying page title
2026-08-18 22:56:19 [main] INFO  Log -Login test completed
2026-08-18 22:56:19 [main] INFO  Log -Closing WebDriver...
2026-08-18 23:04:02 [main] INFO  Log -Setting up WebDriver...
2026-08-18 23:04:05 [main] INFO  Log -Navigating to Test Url
2026-08-18 23:04:08 [main] INFO  Log -Starting login test
2026-08-18 23:04:09 [main] INFO  Log -Clicking on login button
2026-08-18 23:04:10 [main] INFO  Log -Verifying page title
2026-08-18 23:04:10 [main] INFO  Log -Login test completed
2026-08-18 23:04:10 [main] INFO  Log -Closing WebDriver...
2026-08-18 23:04:11 [main] INFO  Log -Setting up WebDriver...
2026-08-18 23:04:13 [main] INFO  Log -Navigating to Test Url
2026-08-18 23:04:15 [main] INFO  Log -Starting login test
2026-08-18 23:04:16 [main] INFO  Log -Clicking on login button
2026-08-18 23:04:16 [main] INFO  Log -Verifying page title
2026-08-18 23:04:17 [main] INFO  Log -Login test completed
2026-08-18 23:04:17 [main] INFO  Log -Closing WebDriver...
2026-08-18 23:04:17 [main] INFO  Log -Setting up WebDriver...
2026-08-18 23:04:19 [main] INFO  Log -Navigating to Test Url
2026-08-18 23:04:22 [main] INFO  Log -Starting login test
2026-08-18 23:04:23 [main] INFO  Log -Clicking on login button
2026-08-18 23:04:23 [main] INFO  Log -Verifying page title
2026-08-18 23:04:23 [main] INFO  Log -Login test completed
2026-08-18 23:04:23 [main] INFO  Log -Closing WebDriver...
2026-08-18 23:04:48 [main] INFO  Log -Setting up WebDriver...
2026-08-18 23:04:52 [main] INFO  Log -Navigating to Test Url
2026-08-18 23:04:55 [main] INFO  Log -Starting login test
2026-08-18 23:04:56 [main] INFO  Log -Clicking on login button
2026-08-18 23:04:56 [main] INFO  Log -Verifying page title
2026-08-18 23:04:57 [main] INFO  Log -Login test completed
2026-08-18 23:04:57 [main] INFO  Log -Closing WebDriver...
2026-08-18 23:04:57 [main] INFO  Log -Setting up WebDriver...
2026-08-18 23:04:59 [main] INFO  Log -Navigating to Test Url
2026-08-18 23:05:02 [main] INFO  Log -Starting login test
2026-08-18 23:05:03 [main] INFO  Log -Clicking on login button
2026-08-18 23:05:03 [main] INFO  Log -Verifying page title
2026-08-18 23:05:04 [main] INFO  Log -Login test completed
2026-08-18 23:05:04 [main] INFO  Log -Closing WebDriver...
2026-08-18 23:05:04 [main] INFO  Log -Setting up WebDriver...
2026-08-18 23:05:06 [main] INFO  Log -Navigating to Test Url
2026-08-18 23:05:09 [main] INFO  Log -Starting login test
2026-08-18 23:05:10 [main] INFO  Log -Clicking on login button
2026-08-18 23:05:12 [main] INFO  Log -Verifying page title
2026-08-18 23:05:12 [main] INFO  Log -Login test completed
2026-08-18 23:05:12 [main] INFO  Log -Closing WebDriver...
2026-08-18 23:05:40 [main] INFO  Log -Setting up WebDriver...
2026-08-18 23:05:42 [main] INFO  Log -Navigating to Test Url
2026-08-18 23:05:45 [main] INFO  Log -Starting login test
2026-08-18 23:05:46 [main] INFO  Log -Clicking on login button
2026-08-18 23:05:46 [main] INFO  Log -Verifying page title
2026-08-18 23:05:46 [main] INFO  Log -Login test completed
2026-08-18 23:05:46 [main] INFO  Log -Closing WebDriver...
2026-08-18 23:05:46 [main] INFO  Log -Setting up WebDriver...
2026-08-18 23:05:48 [main] INFO  Log -Navigating to Test Url
2026-08-18 23:05:50 [main] INFO  Log -Starting login test
2026-08-18 23:05:51 [main] INFO  Log -Clicking on login button
2026-08-18 23:05:51 [main] INFO  Log -Verifying page title
2026-08-18 23:05:52 [main] INFO  Log -Login test completed
2026-08-18 23:05:52 [main] INFO  Log -Closing WebDriver...
2026-08-18 23:05:52 [main] INFO  Log -Setting up WebDriver...
2026-08-18 23:05:54 [main] INFO  Log -Navigating to Test Url
2026-08-18 23:05:56 [main] INFO  Log -Starting login test
2026-08-18 23:05:57 [main] INFO  Log -Clicking on login button
2026-08-18 23:05:59 [main] INFO  Log -Verifying page title
2026-08-18 23:05:59 [main] INFO  Log -Login test completed
2026-08-18 23:05:59 [main] INFO  Log -Closing WebDriver...
2026-08-19 22:46:21 [main] INFO  Log -Setting up WebDriver...
2026-08-19 22:46:28 [main] INFO  Log -Navigating to Test Url
2026-08-19 22:46:31 [main] INFO  Log -Starting login test
2026-08-19 22:46:31 [main] INFO  Log -Clicking on login button
2026-08-19 22:46:33 [main] INFO  Log -Verifying page title
2026-08-19 22:46:33 [main] INFO  Log -Login test completed
2026-08-19 22:46:33 [main] INFO  Log -Closing WebDriver...
2026-08-19 22:46:34 [main] INFO  Log -Setting up WebDriver...
2026-08-19 22:46:35 [main] INFO  Log -Navigating to Test Url
2026-08-19 22:46:38 [main] INFO  Log -Starting login test
2026-08-19 22:46:38 [main] INFO  Log -Clicking on login button
2026-08-19 22:46:39 [main] INFO  Log -Verifying page title
2026-08-19 22:46:39 [main] INFO  Log -Login test completed
2026-08-19 22:46:39 [main] INFO  Log -Closing WebDriver...
2026-08-19 22:46:39 [main] INFO  Log -Setting up WebDriver...
2026-08-19 22:46:40 [main] INFO  Log -Navigating to Test Url
2026-08-19 22:46:43 [main] INFO  Log -Starting login test
2026-08-19 22:46:44 [main] INFO  Log -Clicking on login button
2026-08-19 22:46:44 [main] INFO  Log -Verifying page title
2026-08-19 22:46:44 [main] INFO  Log -Login test completed
2026-08-19 22:46:44 [main] INFO  Log -Closing WebDriver...
2026-08-19 22:46:44 [main] INFO  Log -Setting up WebDriver...
2026-08-19 22:46:46 [main] INFO  Log -Navigating to Test Url
2026-08-19 22:46:49 [main] INFO  Log -Starting login test
2026-08-19 22:46:50 [main] INFO  Log -Clicking on login button
2026-08-19 22:46:50 [main] INFO  Log -Verifying page title
2026-08-19 22:46:51 [main] INFO  Log -Login test completed
2026-08-19 22:46:51 [main] INFO  Log -Closing WebDriver...
2026-08-19 22:46:51 [main] INFO  Log -Setting up WebDriver...
2026-08-19 22:46:53 [main] INFO  Log -Navigating to Test Url
2026-08-19 22:46:56 [main] INFO  Log -Starting login test
2026-08-19 22:46:57 [main] INFO  Log -Clicking on login button
2026-08-19 22:46:57 [main] INFO  Log -Verifying page title
2026-08-19 22:46:58 [main] INFO  Log -Login test completed
2026-08-19 22:46:58 [main] INFO  Log -Closing WebDriver...
2026-08-19 22:46:58 [main] INFO  Log -Setting up WebDriver...
2026-08-19 22:47:00 [main] INFO  Log -Navigating to Test Url
2026-08-19 22:47:03 [main] INFO  Log -Starting login test
2026-08-19 22:47:03 [main] INFO  Log -Clicking on login button
2026-08-19 22:47:04 [main] INFO  Log -Verifying page title
2026-08-19 22:47:04 [main] INFO  Log -Login test completed
2026-08-19 22:47:04 [main] INFO  Log -Closing WebDriver...
2026-08-19 23:03:42 [main] INFO  Log -Setting up WebDriver...
2026-08-19 23:03:47 [main] INFO  Log -Navigating to Test Url
2026-08-19 23:03:50 [main] INFO  Log -Starting login test
2026-08-19 23:03:51 [main] INFO  Log -Clicking on login button
2026-08-19 23:03:51 [main] INFO  Log -Verifying page title
2026-08-19 23:03:52 [main] INFO  Log -Login test completed
2026-08-19 23:03:52 [main] INFO  Log -Closing WebDriver...
2026-08-19 23:03:52 [main] INFO  Log -Setting up WebDriver...
2026-08-19 23:03:54 [main] INFO  Log -Navigating to Test Url
2026-08-19 23:05:27 [main] INFO  Log -Setting up WebDriver...
2026-08-19 23:05:30 [main] INFO  Log -Navigating to Test Url
2026-08-19 23:05:34 [main] INFO  Log -Starting login test
2026-08-19 23:05:35 [main] INFO  Log -Clicking on login button
2026-08-19 23:05:35 [main] INFO  Log -Verifying page title
2026-08-19 23:05:36 [main] INFO  Log -Login test completed
2026-08-19 23:05:36 [main] INFO  Log -Closing WebDriver...
2026-08-19 23:05:37 [main] INFO  Log -Setting up WebDriver...
2026-08-19 23:05:38 [main] INFO  Log -Navigating to Test Url
2026-08-19 23:05:41 [main] INFO  Log -Starting login test
2026-08-19 23:05:42 [main] INFO  Log -Clicking on login button
2026-08-19 23:05:42 [main] INFO  Log -Verifying page title
2026-08-19 23:05:42 [main] INFO  Log -Login test completed
2026-08-19 23:05:42 [main] INFO  Log -Closing WebDriver...
2026-08-19 23:05:42 [main] INFO  Log -Setting up WebDriver...
2026-08-19 23:05:44 [main] INFO  Log -Navigating to Test Url
2026-08-19 23:05:46 [main] INFO  Log -Starting login test
2026-08-19 23:05:47 [main] INFO  Log -Clicking on login button
2026-08-19 23:05:47 [main] INFO  Log -Verifying page title
2026-08-19 23:05:49 [main] INFO  Log -Login test completed
2026-08-19 23:05:49 [main] INFO  Log -Closing WebDriver...
2026-08-19 23:05:49 [main] INFO  Log -Setting up WebDriver...
2026-08-19 23:05:50 [main] INFO  Log -Navigating to Test Url
2026-08-19 23:05:53 [main] INFO  Log -Starting login test
2026-08-19 23:05:54 [main] INFO  Log -Clicking on login button
2026-08-19 23:05:54 [main] INFO  Log -Verifying page title
2026-08-19 23:05:55 [main] INFO  Log -Login test completed
2026-08-19 23:05:55 [main] INFO  Log -Closing WebDriver...
2026-08-19 23:09:03 [main] INFO  Log -Setting up WebDriver...
2026-08-19 23:09:07 [main] INFO  Log -Navigating to Test Url
2026-08-19 23:09:10 [main] INFO  Log -Starting login test
2026-08-19 23:09:12 [main] INFO  Log -Clicking on login button
2026-08-19 23:09:12 [main] INFO  Log -Verifying page title
2026-08-19 23:09:14 [main] INFO  Log -Login test completed
2026-08-19 23:09:14 [main] INFO  Log -Closing WebDriver...
2026-08-19 23:09:14 [main] INFO  Log -Setting up WebDriver...
2026-08-19 23:09:16 [main] INFO  Log -Navigating to Test Url
2026-08-19 23:09:18 [main] INFO  Log -Starting login test
2026-08-19 23:09:19 [main] INFO  Log -Clicking on login button
2026-08-19 23:09:19 [main] INFO  Log -Verifying page title
2026-08-19 23:09:20 [main] INFO  Log -Login test completed
2026-08-19 23:09:20 [main] INFO  Log -Closing WebDriver...
2026-08-19 23:09:20 [main] INFO  Log -Setting up WebDriver...
2026-08-19 23:09:22 [main] INFO  Log -Navigating to Test Url
2026-08-19 23:09:24 [main] INFO  Log -Starting login test
2026-08-19 23:09:25 [main] INFO  Log -Clicking on login button
2026-08-19 23:09:25 [main] INFO  Log -Verifying page title
2026-08-19 23:09:26 [main] INFO  Log -Login test completed
2026-08-19 23:09:26 [main] INFO  Log -Closing WebDriver...
2026-08-19 23:09:27 [main] INFO  Log -Setting up WebDriver...
2026-08-19 23:09:28 [main] INFO  Log -Navigating to Test Url
2026-08-19 23:09:31 [main] INFO  Log -Starting login test
2026-08-19 23:09:32 [main] INFO  Log -Clicking on login button
2026-08-19 23:09:32 [main] INFO  Log -Verifying page title
2026-08-19 23:09:33 [main] INFO  Log -Login test completed
2026-08-19 23:09:33 [main] INFO  Log -Closing WebDriver...
